note: "version 2" Tectonic command-line interface activated
note: Running TeX ...
Fontconfig error: Cannot load default config file: No such file: (null)
warning: 1_2_belloni_2014_jep_new.tex:48: Missing character: There is no 5 ("35) in font nullfont!
warning: could not represent character "5" (0x35) in font "nullfont"
warning:   you may need to load the `fontspec` package and use (e.g.) \setmainfont to
warning:   choose a different font that covers the unrepresentable character(s)
warning: 1_2_belloni_2014_jep_new.tex:48: Overfull \hbox (4.0025pt too wide) has occurred while \output is active
warning: 1_2_belloni_2014_jep_new.tex:48: Overfull \hbox (114.12047pt too wide) has occurred while \output is active
warning: 1_2_belloni_2014_jep_new.tex:66: Overfull \hbox (4.0025pt too wide) has occurred while \output is active
warning: 1_2_belloni_2014_jep_new.tex:66: Overfull \hbox (114.12047pt too wide) has occurred while \output is active
warning: 1_2_belloni_2014_jep_new.tex:77: Overfull \hbox (4.0025pt too wide) has occurred while \output is active
warning: 1_2_belloni_2014_jep_new.tex:77: Overfull \hbox (114.12047pt too wide) has occurred while \output is active
warning: 1_2_belloni_2014_jep_new.tex:90: Overfull \hbox (4.0025pt too wide) has occurred while \output is active
warning: 1_2_belloni_2014_jep_new.tex:90: Overfull \hbox (114.12047pt too wide) has occurred while \output is active
warning: 1_2_belloni_2014_jep_new.tex:106: Overfull \hbox (4.0025pt too wide) has occurred while \output is active
warning: 1_2_belloni_2014_jep_new.tex:106: Overfull \hbox (114.12047pt too wide) has occurred while \output is active
warning: 1_2_belloni_2014_jep_new.tex:118: Overfull \hbox (4.0025pt too wide) has occurred while \output is active
warning: 1_2_belloni_2014_jep_new.tex:118: Overfull \hbox (114.12047pt too wide) has occurred while \output is active
warning: 1_2_belloni_2014_jep_new.tex:132: Overfull \hbox (4.0025pt too wide) has occurred while \output is active
warning: 1_2_belloni_2014_jep_new.tex:132: Overfull \hbox (114.12047pt too wide) has occurred while \output is active
warning: 1_2_belloni_2014_jep_new.tex:150: Overfull \hbox (4.0025pt too wide) has occurred while \output is active
warning: 1_2_belloni_2014_jep_new.tex:150: Overfull \hbox (114.12047pt too wide) has occurred while \output is active
warning: 1_2_belloni_2014_jep_new.tex:152: Overfull \hbox (4.0025pt too wide) has occurred while \output is active
warning: 1_2_belloni_2014_jep_new.tex:152: Overfull \hbox (114.12047pt too wide) has occurred while \output is active
warning: 1_2_belloni_2014_jep_new.tex:166: Overfull \hbox (4.0025pt too wide) has occurred while \output is active
warning: 1_2_belloni_2014_jep_new.tex:166: Overfull \hbox (114.12047pt too wide) has occurred while \output is active
warning: 1_2_belloni_2014_jep_new.tex:176: Overfull \hbox (4.0025pt too wide) has occurred while \output is active
warning: 1_2_belloni_2014_jep_new.tex:176: Overfull \hbox (114.12047pt too wide) has occurred while \output is active
warning: 1_2_belloni_2014_jep_new.tex:178: Overfull \hbox (4.0025pt too wide) has occurred while \output is active
warning: 1_2_belloni_2014_jep_new.tex:178: Overfull \hbox (114.12047pt too wide) has occurred while \output is active
warning: 1_2_belloni_2014_jep_new.tex:192: Overfull \hbox (4.0025pt too wide) has occurred while \output is active
warning: 1_2_belloni_2014_jep_new.tex:192: Overfull \hbox (114.12047pt too wide) has occurred while \output is active
warning: 1_2_belloni_2014_jep_new.tex:200: Overfull \hbox (4.0025pt too wide) has occurred while \output is active
warning: 1_2_belloni_2014_jep_new.tex:200: Overfull \hbox (114.12047pt too wide) has occurred while \output is active
warning: 1_2_belloni_2014_jep_new.tex:217: Overfull \hbox (4.0025pt too wide) has occurred while \output is active
warning: 1_2_belloni_2014_jep_new.tex:217: Overfull \hbox (114.12047pt too wide) has occurred while \output is active
warning: 1_2_belloni_2014_jep_new.tex:231: Overfull \hbox (4.0025pt too wide) has occurred while \output is active
warning: 1_2_belloni_2014_jep_new.tex:231: Overfull \hbox (114.12047pt too wide) has occurred while \output is active
warning: 1_2_belloni_2014_jep_new.tex:239: Overfull \hbox (4.0025pt too wide) has occurred while \output is active
warning: 1_2_belloni_2014_jep_new.tex:239: Overfull \hbox (114.12047pt too wide) has occurred while \output is active
warning: 1_2_belloni_2014_jep_new.tex:242: Overfull \hbox (4.0025pt too wide) has occurred while \output is active
warning: 1_2_belloni_2014_jep_new.tex:242: Overfull \hbox (114.12047pt too wide) has occurred while \output is active
warning: 1_2_belloni_2014_jep_new.tex:255: Overfull \hbox (4.0025pt too wide) has occurred while \output is active
warning: 1_2_belloni_2014_jep_new.tex:255: Overfull \hbox (114.12047pt too wide) has occurred while \output is active
warning: 1_2_belloni_2014_jep_new.tex:264: Overfull \hbox (4.0025pt too wide) has occurred while \output is active
warning: 1_2_belloni_2014_jep_new.tex:264: Overfull \hbox (114.12047pt too wide) has occurred while \output is active
warning: 1_2_belloni_2014_jep_new.tex:278: Overfull \hbox (4.0025pt too wide) has occurred while \output is active
warning: 1_2_belloni_2014_jep_new.tex:278: Overfull \hbox (114.12047pt too wide) has occurred while \output is active
warning: 1_2_belloni_2014_jep_new.tex:308: Overfull \hbox (4.0025pt too wide) has occurred while \output is active
warning: 1_2_belloni_2014_jep_new.tex:308: Overfull \hbox (114.12047pt too wide) has occurred while \output is active
warning: 1_2_belloni_2014_jep_new.tex:308: Overfull \hbox (4.0025pt too wide) has occurred while \output is active
warning: 1_2_belloni_2014_jep_new.tex:308: Overfull \hbox (114.12047pt too wide) has occurred while \output is active
warning: 1_2_belloni_2014_jep_new.tex:311: Overfull \hbox (4.0025pt too wide) has occurred while \output is active
warning: 1_2_belloni_2014_jep_new.tex:311: Overfull \hbox (114.12047pt too wide) has occurred while \output is active
warning: 1_2_belloni_2014_jep_new.tex:322: Overfull \hbox (4.0025pt too wide) has occurred while \output is active
warning: 1_2_belloni_2014_jep_new.tex:322: Overfull \hbox (114.12047pt too wide) has occurred while \output is active
warning: 1_2_belloni_2014_jep_new.tex:335: Overfull \hbox (4.0025pt too wide) has occurred while \output is active
warning: 1_2_belloni_2014_jep_new.tex:335: Overfull \hbox (114.12047pt too wide) has occurred while \output is active
warning: 1_2_belloni_2014_jep_new.tex:351: Overfull \hbox (4.0025pt too wide) has occurred while \output is active
warning: 1_2_belloni_2014_jep_new.tex:351: Overfull \hbox (114.12047pt too wide) has occurred while \output is active
warning: 1_2_belloni_2014_jep_new.tex:364: Overfull \hbox (4.0025pt too wide) has occurred while \output is active
warning: 1_2_belloni_2014_jep_new.tex:364: Overfull \hbox (114.12047pt too wide) has occurred while \output is active
warning: 1_2_belloni_2014_jep_new.tex:376: Overfull \hbox (4.0025pt too wide) has occurred while \output is active
warning: 1_2_belloni_2014_jep_new.tex:376: Overfull \hbox (114.12047pt too wide) has occurred while \output is active
warning: 1_2_belloni_2014_jep_new.tex:388: Overfull \hbox (4.0025pt too wide) has occurred while \output is active
warning: 1_2_belloni_2014_jep_new.tex:388: Overfull \hbox (114.12047pt too wide) has occurred while \output is active
warning: 1_2_belloni_2014_jep_new.tex:393: Overfull \hbox (4.0025pt too wide) has occurred while \output is active
warning: 1_2_belloni_2014_jep_new.tex:393: Overfull \hbox (114.12047pt too wide) has occurred while \output is active
warning: 1_2_belloni_2014_jep_new.tex:403: Overfull \hbox (4.0025pt too wide) has occurred while \output is active
warning: 1_2_belloni_2014_jep_new.tex:403: Overfull \hbox (114.12047pt too wide) has occurred while \output is active
warning: 1_2_belloni_2014_jep_new.tex:415: Overfull \hbox (2.10587pt too wide) detected at line 415
warning: 1_2_belloni_2014_jep_new.tex:415: Overfull \hbox (4.0025pt too wide) has occurred while \output is active
warning: 1_2_belloni_2014_jep_new.tex:415: Overfull \hbox (114.12047pt too wide) has occurred while \output is active
warning: 1_2_belloni_2014_jep_new.tex:437: Overfull \hbox (4.0025pt too wide) has occurred while \output is active
warning: 1_2_belloni_2014_jep_new.tex:437: Overfull \hbox (114.12047pt too wide) has occurred while \output is active
warning: 1_2_belloni_2014_jep_new.tex:450: Overfull \hbox (4.0025pt too wide) has occurred while \output is active
warning: 1_2_belloni_2014_jep_new.tex:450: Overfull \hbox (114.12047pt too wide) has occurred while \output is active
warning: 1_2_belloni_2014_jep_new.tex:461: Overfull \hbox (4.0025pt too wide) has occurred while \output is active
warning: 1_2_belloni_2014_jep_new.tex:461: Overfull \hbox (114.12047pt too wide) has occurred while \output is active
warning: 1_2_belloni_2014_jep_new.tex:476: Overfull \hbox (4.0025pt too wide) has occurred while \output is active
warning: 1_2_belloni_2014_jep_new.tex:476: Overfull \hbox (114.12047pt too wide) has occurred while \output is active
note: Rerunning TeX because "1_2_belloni_2014_jep_new.aux" changed ...
warning: 1_2_belloni_2014_jep_new.tex:48: Missing character: There is no 5 ("35) in font nullfont!
warning: could not represent character "5" (0x35) in font "nullfont"
warning:   you may need to load the `fontspec` package and use (e.g.) \setmainfont to
warning:   choose a different font that covers the unrepresentable character(s)
warning: 1_2_belloni_2014_jep_new.tex:48: Overfull \hbox (4.0025pt too wide) has occurred while \output is active
warning: 1_2_belloni_2014_jep_new.tex:48: Overfull \hbox (114.12047pt too wide) has occurred while \output is active
warning: 1_2_belloni_2014_jep_new.tex:66: Overfull \hbox (4.0025pt too wide) has occurred while \output is active
warning: 1_2_belloni_2014_jep_new.tex:66: Overfull \hbox (114.12047pt too wide) has occurred while \output is active
warning: 1_2_belloni_2014_jep_new.tex:77: Overfull \hbox (4.0025pt too wide) has occurred while \output is active
warning: 1_2_belloni_2014_jep_new.tex:77: Overfull \hbox (114.12047pt too wide) has occurred while \output is active
warning: 1_2_belloni_2014_jep_new.tex:90: Overfull \hbox (4.0025pt too wide) has occurred while \output is active
warning: 1_2_belloni_2014_jep_new.tex:90: Overfull \hbox (114.12047pt too wide) has occurred while \output is active
warning: 1_2_belloni_2014_jep_new.tex:106: Overfull \hbox (4.0025pt too wide) has occurred while \output is active
warning: 1_2_belloni_2014_jep_new.tex:106: Overfull \hbox (114.12047pt too wide) has occurred while \output is active
warning: 1_2_belloni_2014_jep_new.tex:118: Overfull \hbox (4.0025pt too wide) has occurred while \output is active
warning: 1_2_belloni_2014_jep_new.tex:118: Overfull \hbox (114.12047pt too wide) has occurred while \output is active
warning: 1_2_belloni_2014_jep_new.tex:132: Overfull \hbox (4.0025pt too wide) has occurred while \output is active
warning: 1_2_belloni_2014_jep_new.tex:132: Overfull \hbox (114.12047pt too wide) has occurred while \output is active
warning: 1_2_belloni_2014_jep_new.tex:150: Overfull \hbox (4.0025pt too wide) has occurred while \output is active
warning: 1_2_belloni_2014_jep_new.tex:150: Overfull \hbox (114.12047pt too wide) has occurred while \output is active
warning: 1_2_belloni_2014_jep_new.tex:152: Overfull \hbox (4.0025pt too wide) has occurred while \output is active
warning: 1_2_belloni_2014_jep_new.tex:152: Overfull \hbox (114.12047pt too wide) has occurred while \output is active
warning: 1_2_belloni_2014_jep_new.tex:166: Overfull \hbox (4.0025pt too wide) has occurred while \output is active
warning: 1_2_belloni_2014_jep_new.tex:166: Overfull \hbox (114.12047pt too wide) has occurred while \output is active
warning: 1_2_belloni_2014_jep_new.tex:176: Overfull \hbox (4.0025pt too wide) has occurred while \output is active
warning: 1_2_belloni_2014_jep_new.tex:176: Overfull \hbox (114.12047pt too wide) has occurred while \output is active
warning: 1_2_belloni_2014_jep_new.tex:178: Overfull \hbox (4.0025pt too wide) has occurred while \output is active
warning: 1_2_belloni_2014_jep_new.tex:178: Overfull \hbox (114.12047pt too wide) has occurred while \output is active
warning: 1_2_belloni_2014_jep_new.tex:192: Overfull \hbox (4.0025pt too wide) has occurred while \output is active
warning: 1_2_belloni_2014_jep_new.tex:192: Overfull \hbox (114.12047pt too wide) has occurred while \output is active
warning: 1_2_belloni_2014_jep_new.tex:200: Overfull \hbox (4.0025pt too wide) has occurred while \output is active
warning: 1_2_belloni_2014_jep_new.tex:200: Overfull \hbox (114.12047pt too wide) has occurred while \output is active
warning: 1_2_belloni_2014_jep_new.tex:217: Overfull \hbox (4.0025pt too wide) has occurred while \output is active
warning: 1_2_belloni_2014_jep_new.tex:217: Overfull \hbox (114.12047pt too wide) has occurred while \output is active
warning: 1_2_belloni_2014_jep_new.tex:231: Overfull \hbox (4.0025pt too wide) has occurred while \output is active
warning: 1_2_belloni_2014_jep_new.tex:231: Overfull \hbox (114.12047pt too wide) has occurred while \output is active
warning: 1_2_belloni_2014_jep_new.tex:239: Overfull \hbox (4.0025pt too wide) has occurred while \output is active
warning: 1_2_belloni_2014_jep_new.tex:239: Overfull \hbox (114.12047pt too wide) has occurred while \output is active
warning: 1_2_belloni_2014_jep_new.tex:242: Overfull \hbox (4.0025pt too wide) has occurred while \output is active
warning: 1_2_belloni_2014_jep_new.tex:242: Overfull \hbox (114.12047pt too wide) has occurred while \output is active
warning: 1_2_belloni_2014_jep_new.tex:255: Overfull \hbox (4.0025pt too wide) has occurred while \output is active
warning: 1_2_belloni_2014_jep_new.tex:255: Overfull \hbox (114.12047pt too wide) has occurred while \output is active
warning: 1_2_belloni_2014_jep_new.tex:264: Overfull \hbox (4.0025pt too wide) has occurred while \output is active
warning: 1_2_belloni_2014_jep_new.tex:264: Overfull \hbox (114.12047pt too wide) has occurred while \output is active
warning: 1_2_belloni_2014_jep_new.tex:278: Overfull \hbox (4.0025pt too wide) has occurred while \output is active
warning: 1_2_belloni_2014_jep_new.tex:278: Overfull \hbox (114.12047pt too wide) has occurred while \output is active
warning: 1_2_belloni_2014_jep_new.tex:308: Overfull \hbox (4.0025pt too wide) has occurred while \output is active
warning: 1_2_belloni_2014_jep_new.tex:308: Overfull \hbox (114.12047pt too wide) has occurred while \output is active
warning: 1_2_belloni_2014_jep_new.tex:308: Overfull \hbox (4.0025pt too wide) has occurred while \output is active
warning: 1_2_belloni_2014_jep_new.tex:308: Overfull \hbox (114.12047pt too wide) has occurred while \output is active
warning: 1_2_belloni_2014_jep_new.tex:311: Overfull \hbox (4.0025pt too wide) has occurred while \output is active
warning: 1_2_belloni_2014_jep_new.tex:311: Overfull \hbox (114.12047pt too wide) has occurred while \output is active
warning: 1_2_belloni_2014_jep_new.tex:322: Overfull \hbox (4.0025pt too wide) has occurred while \output is active
warning: 1_2_belloni_2014_jep_new.tex:322: Overfull \hbox (114.12047pt too wide) has occurred while \output is active
warning: 1_2_belloni_2014_jep_new.tex:335: Overfull \hbox (4.0025pt too wide) has occurred while \output is active
warning: 1_2_belloni_2014_jep_new.tex:335: Overfull \hbox (114.12047pt too wide) has occurred while \output is active
warning: 1_2_belloni_2014_jep_new.tex:351: Overfull \hbox (4.0025pt too wide) has occurred while \output is active
warning: 1_2_belloni_2014_jep_new.tex:351: Overfull \hbox (114.12047pt too wide) has occurred while \output is active
warning: 1_2_belloni_2014_jep_new.tex:364: Overfull \hbox (4.0025pt too wide) has occurred while \output is active
warning: 1_2_belloni_2014_jep_new.tex:364: Overfull \hbox (114.12047pt too wide) has occurred while \output is active
warning: 1_2_belloni_2014_jep_new.tex:376: Overfull \hbox (4.0025pt too wide) has occurred while \output is active
warning: 1_2_belloni_2014_jep_new.tex:376: Overfull \hbox (114.12047pt too wide) has occurred while \output is active
warning: 1_2_belloni_2014_jep_new.tex:388: Overfull \hbox (4.0025pt too wide) has occurred while \output is active
warning: 1_2_belloni_2014_jep_new.tex:388: Overfull \hbox (114.12047pt too wide) has occurred while \output is active
warning: 1_2_belloni_2014_jep_new.tex:393: Overfull \hbox (4.0025pt too wide) has occurred while \output is active
warning: 1_2_belloni_2014_jep_new.tex:393: Overfull \hbox (114.12047pt too wide) has occurred while \output is active
warning: 1_2_belloni_2014_jep_new.tex:403: Overfull \hbox (4.0025pt too wide) has occurred while \output is active
warning: 1_2_belloni_2014_jep_new.tex:403: Overfull \hbox (114.12047pt too wide) has occurred while \output is active
warning: 1_2_belloni_2014_jep_new.tex:415: Overfull \hbox (2.10587pt too wide) detected at line 415
warning: 1_2_belloni_2014_jep_new.tex:415: Overfull \hbox (4.0025pt too wide) has occurred while \output is active
warning: 1_2_belloni_2014_jep_new.tex:415: Overfull \hbox (114.12047pt too wide) has occurred while \output is active
warning: 1_2_belloni_2014_jep_new.tex:437: Overfull \hbox (4.0025pt too wide) has occurred while \output is active
warning: 1_2_belloni_2014_jep_new.tex:437: Overfull \hbox (114.12047pt too wide) has occurred while \output is active
warning: 1_2_belloni_2014_jep_new.tex:450: Overfull \hbox (4.0025pt too wide) has occurred while \output is active
warning: 1_2_belloni_2014_jep_new.tex:450: Overfull \hbox (114.12047pt too wide) has occurred while \output is active
warning: 1_2_belloni_2014_jep_new.tex:461: Overfull \hbox (4.0025pt too wide) has occurred while \output is active
warning: 1_2_belloni_2014_jep_new.tex:461: Overfull \hbox (114.12047pt too wide) has occurred while \output is active
warning: 1_2_belloni_2014_jep_new.tex:476: Overfull \hbox (4.0025pt too wide) has occurred while \output is active
warning: 1_2_belloni_2014_jep_new.tex:476: Overfull \hbox (114.12047pt too wide) has occurred while \output is active
warning: warnings were issued by the TeX engine; use --print and/or --keep-logs for details.
note: Running xdvipdfmx ...
note: Writing `1_2_belloni_2014_jep_new.pdf` (509.259765625 KiB)
note: Skipped writing 5 intermediate files (use --keep-intermediates to keep them)
