note: "version 2" Tectonic command-line interface activated
note: Running TeX ...
Fontconfig error: Cannot load default config file: No such file: (null)
warning: 2_3_narayanan_kalyanam_2020.tex:47: Missing character: There is no 5 ("35) in font nullfont!
warning: could not represent character "5" (0x35) in font "nullfont"
warning:   you may need to load the `fontspec` package and use (e.g.) \setmainfont to
warning:   choose a different font that covers the unrepresentable character(s)
warning: 2_3_narayanan_kalyanam_2020.tex:47: Overfull \hbox (4.0025pt too wide) has occurred while \output is active
warning: 2_3_narayanan_kalyanam_2020.tex:64: Overfull \hbox (4.0025pt too wide) has occurred while \output is active
warning: 2_3_narayanan_kalyanam_2020.tex:98: Overfull \hbox (4.0025pt too wide) has occurred while \output is active
warning: 2_3_narayanan_kalyanam_2020.tex:116: Overfull \hbox (4.0025pt too wide) has occurred while \output is active
warning: 2_3_narayanan_kalyanam_2020.tex:134: Overfull \hbox (4.0025pt too wide) has occurred while \output is active
warning: 2_3_narayanan_kalyanam_2020.tex:176: Overfull \hbox (4.0025pt too wide) has occurred while \output is active
warning: 2_3_narayanan_kalyanam_2020.tex:176: Overfull \hbox (4.0025pt too wide) has occurred while \output is active
warning: 2_3_narayanan_kalyanam_2020.tex:225: Overfull \hbox (4.0025pt too wide) has occurred while \output is active
warning: 2_3_narayanan_kalyanam_2020.tex:225: Overfull \hbox (4.0025pt too wide) has occurred while \output is active
warning: 2_3_narayanan_kalyanam_2020.tex:242: Overfull \hbox (4.0025pt too wide) has occurred while \output is active
warning: 2_3_narayanan_kalyanam_2020.tex:253: Overfull \hbox (4.0025pt too wide) has occurred while \output is active
warning: 2_3_narayanan_kalyanam_2020.tex:282: Overfull \hbox (4.0025pt too wide) has occurred while \output is active
warning: 2_3_narayanan_kalyanam_2020.tex:282: Overfull \hbox (4.0025pt too wide) has occurred while \output is active
warning: 2_3_narayanan_kalyanam_2020.tex:337: Overfull \hbox (4.0025pt too wide) has occurred while \output is active
warning: 2_3_narayanan_kalyanam_2020.tex:337: Overfull \hbox (4.0025pt too wide) has occurred while \output is active
warning: 2_3_narayanan_kalyanam_2020.tex:337: Overfull \hbox (4.0025pt too wide) has occurred while \output is active
warning: 2_3_narayanan_kalyanam_2020.tex:337: Overfull \hbox (4.0025pt too wide) has occurred while \output is active
warning: 2_3_narayanan_kalyanam_2020.tex:337: Overfull \hbox (4.0025pt too wide) has occurred while \output is active
warning: 2_3_narayanan_kalyanam_2020.tex:364: Overfull \hbox (4.0025pt too wide) has occurred while \output is active
warning: 2_3_narayanan_kalyanam_2020.tex:364: Overfull \hbox (4.0025pt too wide) has occurred while \output is active
warning: 2_3_narayanan_kalyanam_2020.tex:393: Overfull \hbox (4.0025pt too wide) has occurred while \output is active
warning: 2_3_narayanan_kalyanam_2020.tex:418: Overfull \hbox (4.0025pt too wide) has occurred while \output is active
warning: 2_3_narayanan_kalyanam_2020.tex:418: Overfull \hbox (4.0025pt too wide) has occurred while \output is active
warning: 2_3_narayanan_kalyanam_2020.tex:432: Overfull \hbox (4.0025pt too wide) has occurred while \output is active
warning: 2_3_narayanan_kalyanam_2020.tex:457: Overfull \hbox (4.0025pt too wide) has occurred while \output is active
warning: 2_3_narayanan_kalyanam_2020.tex:478: Overfull \hbox (4.0025pt too wide) has occurred while \output is active
warning: 2_3_narayanan_kalyanam_2020.tex:563: Overfull \hbox (4.0025pt too wide) has occurred while \output is active
warning: 2_3_narayanan_kalyanam_2020.tex:563: Overfull \hbox (4.0025pt too wide) has occurred while \output is active
warning: 2_3_narayanan_kalyanam_2020.tex:563: Overfull \hbox (4.0025pt too wide) has occurred while \output is active
warning: 2_3_narayanan_kalyanam_2020.tex:580: Overfull \hbox (4.0025pt too wide) has occurred while \output is active
warning: 2_3_narayanan_kalyanam_2020.tex:627: Overfull \hbox (4.0025pt too wide) has occurred while \output is active
warning: 2_3_narayanan_kalyanam_2020.tex:627: Overfull \hbox (4.0025pt too wide) has occurred while \output is active
warning: 2_3_narayanan_kalyanam_2020.tex:627: Overfull \hbox (4.0025pt too wide) has occurred while \output is active
warning: 2_3_narayanan_kalyanam_2020.tex:650: Overfull \hbox (4.0025pt too wide) has occurred while \output is active
warning: 2_3_narayanan_kalyanam_2020.tex:667: Overfull \hbox (4.0025pt too wide) has occurred while \output is active
warning: 2_3_narayanan_kalyanam_2020.tex:667: Overfull \hbox (4.0025pt too wide) has occurred while \output is active
warning: 2_3_narayanan_kalyanam_2020.tex:676: Overfull \hbox (4.0025pt too wide) has occurred while \output is active
warning: 2_3_narayanan_kalyanam_2020.tex:685: Overfull \hbox (4.0025pt too wide) has occurred while \output is active
warning: 2_3_narayanan_kalyanam_2020.tex:703: Overfull \hbox (4.0025pt too wide) has occurred while \output is active
warning: 2_3_narayanan_kalyanam_2020.tex:724: Overfull \hbox (4.0025pt too wide) has occurred while \output is active
warning: 2_3_narayanan_kalyanam_2020.tex:738: Overfull \hbox (4.0025pt too wide) has occurred while \output is active
warning: 2_3_narayanan_kalyanam_2020.tex:769: Overfull \hbox (4.0025pt too wide) has occurred while \output is active
warning: 2_3_narayanan_kalyanam_2020.tex:769: Overfull \hbox (4.0025pt too wide) has occurred while \output is active
warning: 2_3_narayanan_kalyanam_2020.tex:792: Overfull \hbox (4.0025pt too wide) has occurred while \output is active
note: Rerunning TeX because "2_3_narayanan_kalyanam_2020.out" changed ...
warning: 2_3_narayanan_kalyanam_2020.tex:47: Missing character: There is no 5 ("35) in font nullfont!
warning: could not represent character "5" (0x35) in font "nullfont"
warning:   you may need to load the `fontspec` package and use (e.g.) \setmainfont to
warning:   choose a different font that covers the unrepresentable character(s)
warning: 2_3_narayanan_kalyanam_2020.tex:47: Overfull \hbox (4.0025pt too wide) has occurred while \output is active
warning: 2_3_narayanan_kalyanam_2020.tex:64: Overfull \hbox (4.0025pt too wide) has occurred while \output is active
warning: 2_3_narayanan_kalyanam_2020.tex:98: Overfull \hbox (4.0025pt too wide) has occurred while \output is active
warning: 2_3_narayanan_kalyanam_2020.tex:116: Overfull \hbox (4.0025pt too wide) has occurred while \output is active
warning: 2_3_narayanan_kalyanam_2020.tex:134: Overfull \hbox (4.0025pt too wide) has occurred while \output is active
warning: 2_3_narayanan_kalyanam_2020.tex:176: Overfull \hbox (4.0025pt too wide) has occurred while \output is active
warning: 2_3_narayanan_kalyanam_2020.tex:176: Overfull \hbox (4.0025pt too wide) has occurred while \output is active
warning: 2_3_narayanan_kalyanam_2020.tex:225: Overfull \hbox (4.0025pt too wide) has occurred while \output is active
warning: 2_3_narayanan_kalyanam_2020.tex:225: Overfull \hbox (4.0025pt too wide) has occurred while \output is active
warning: 2_3_narayanan_kalyanam_2020.tex:242: Overfull \hbox (4.0025pt too wide) has occurred while \output is active
warning: 2_3_narayanan_kalyanam_2020.tex:253: Overfull \hbox (4.0025pt too wide) has occurred while \output is active
warning: 2_3_narayanan_kalyanam_2020.tex:282: Overfull \hbox (4.0025pt too wide) has occurred while \output is active
warning: 2_3_narayanan_kalyanam_2020.tex:282: Overfull \hbox (4.0025pt too wide) has occurred while \output is active
warning: 2_3_narayanan_kalyanam_2020.tex:337: Overfull \hbox (4.0025pt too wide) has occurred while \output is active
warning: 2_3_narayanan_kalyanam_2020.tex:337: Overfull \hbox (4.0025pt too wide) has occurred while \output is active
warning: 2_3_narayanan_kalyanam_2020.tex:337: Overfull \hbox (4.0025pt too wide) has occurred while \output is active
warning: 2_3_narayanan_kalyanam_2020.tex:337: Overfull \hbox (4.0025pt too wide) has occurred while \output is active
warning: 2_3_narayanan_kalyanam_2020.tex:337: Overfull \hbox (4.0025pt too wide) has occurred while \output is active
warning: 2_3_narayanan_kalyanam_2020.tex:364: Overfull \hbox (4.0025pt too wide) has occurred while \output is active
warning: 2_3_narayanan_kalyanam_2020.tex:364: Overfull \hbox (4.0025pt too wide) has occurred while \output is active
warning: 2_3_narayanan_kalyanam_2020.tex:393: Overfull \hbox (4.0025pt too wide) has occurred while \output is active
warning: 2_3_narayanan_kalyanam_2020.tex:418: Overfull \hbox (4.0025pt too wide) has occurred while \output is active
warning: 2_3_narayanan_kalyanam_2020.tex:418: Overfull \hbox (4.0025pt too wide) has occurred while \output is active
warning: 2_3_narayanan_kalyanam_2020.tex:432: Overfull \hbox (4.0025pt too wide) has occurred while \output is active
warning: 2_3_narayanan_kalyanam_2020.tex:457: Overfull \hbox (4.0025pt too wide) has occurred while \output is active
warning: 2_3_narayanan_kalyanam_2020.tex:478: Overfull \hbox (4.0025pt too wide) has occurred while \output is active
warning: 2_3_narayanan_kalyanam_2020.tex:563: Overfull \hbox (4.0025pt too wide) has occurred while \output is active
warning: 2_3_narayanan_kalyanam_2020.tex:563: Overfull \hbox (4.0025pt too wide) has occurred while \output is active
warning: 2_3_narayanan_kalyanam_2020.tex:563: Overfull \hbox (4.0025pt too wide) has occurred while \output is active
warning: 2_3_narayanan_kalyanam_2020.tex:580: Overfull \hbox (4.0025pt too wide) has occurred while \output is active
warning: 2_3_narayanan_kalyanam_2020.tex:627: Overfull \hbox (4.0025pt too wide) has occurred while \output is active
warning: 2_3_narayanan_kalyanam_2020.tex:627: Overfull \hbox (4.0025pt too wide) has occurred while \output is active
warning: 2_3_narayanan_kalyanam_2020.tex:627: Overfull \hbox (4.0025pt too wide) has occurred while \output is active
warning: 2_3_narayanan_kalyanam_2020.tex:650: Overfull \hbox (4.0025pt too wide) has occurred while \output is active
warning: 2_3_narayanan_kalyanam_2020.tex:667: Overfull \hbox (4.0025pt too wide) has occurred while \output is active
warning: 2_3_narayanan_kalyanam_2020.tex:667: Overfull \hbox (4.0025pt too wide) has occurred while \output is active
warning: 2_3_narayanan_kalyanam_2020.tex:676: Overfull \hbox (4.0025pt too wide) has occurred while \output is active
warning: 2_3_narayanan_kalyanam_2020.tex:685: Overfull \hbox (4.0025pt too wide) has occurred while \output is active
warning: 2_3_narayanan_kalyanam_2020.tex:703: Overfull \hbox (4.0025pt too wide) has occurred while \output is active
warning: 2_3_narayanan_kalyanam_2020.tex:724: Overfull \hbox (4.0025pt too wide) has occurred while \output is active
warning: 2_3_narayanan_kalyanam_2020.tex:738: Overfull \hbox (4.0025pt too wide) has occurred while \output is active
warning: 2_3_narayanan_kalyanam_2020.tex:769: Overfull \hbox (4.0025pt too wide) has occurred while \output is active
warning: 2_3_narayanan_kalyanam_2020.tex:769: Overfull \hbox (4.0025pt too wide) has occurred while \output is active
warning: 2_3_narayanan_kalyanam_2020.tex:792: Overfull \hbox (4.0025pt too wide) has occurred while \output is active
warning: warnings were issued by the TeX engine; use --print and/or --keep-logs for details.
note: Running xdvipdfmx ...
note: Writing `2_3_narayanan_kalyanam_2020.pdf` (1.013204574584961 MiB)
note: Skipped writing 5 intermediate files (use --keep-intermediates to keep them)
