note: "version 2" Tectonic command-line interface activated
note: Running TeX ...
Fontconfig error: Cannot load default config file: No such file: (null)
warning: 1_1_lasso.tex:48: 
Missing character: There is no 5 ("35) in font nullfont!
warning: could not represent character "5" (0x35) in font "nullfont"
warning:   you may need to load the `fontspec` package and use (e.g.) \setmainfont to
warning:   choose a different font that covers the unrepresentable character(s)
warning: 1_1_lasso.tex:48: Overfull \hbox (1.64136pt too wide) has occurred while \output is active
warning: 1_1_lasso.tex:48: Overfull \hbox (116.48161pt too wide) has occurred while \output is active
warning: 1_1_lasso.tex:65: Overfull \hbox (1.64136pt too wide) has occurred while \output is active
warning: 1_1_lasso.tex:65: Overfull \hbox (116.48161pt too wide) has occurred while \output is active
warning: 1_1_lasso.tex:81: Overfull \hbox (1.64136pt too wide) has occurred while \output is active
warning: 1_1_lasso.tex:81: Overfull \hbox (116.48161pt too wide) has occurred while \output is active
warning: 1_1_lasso.tex:95: Overfull \hbox (1.64136pt too wide) has occurred while \output is active
warning: 1_1_lasso.tex:95: Overfull \hbox (116.48161pt too wide) has occurred while \output is active
warning: 1_1_lasso.tex:101: Overfull \hbox (1.64136pt too wide) has occurred while \output is active
warning: 1_1_lasso.tex:101: Overfull \hbox (116.48161pt too wide) has occurred while \output is active
warning: 1_1_lasso.tex:110: Overfull \hbox (1.64136pt too wide) has occurred while \output is active
warning: 1_1_lasso.tex:110: Overfull \hbox (116.48161pt too wide) has occurred while \output is active
warning: 1_1_lasso.tex:112: Overfull \hbox (1.64136pt too wide) has occurred while \output is active
warning: 1_1_lasso.tex:112: Overfull \hbox (116.48161pt too wide) has occurred while \output is active
warning: 1_1_lasso.tex:127: Overfull \hbox (1.64136pt too wide) has occurred while \output is active
warning: 1_1_lasso.tex:127: Overfull \hbox (116.48161pt too wide) has occurred while \output is active
warning: 1_1_lasso.tex:135: Overfull \hbox (1.64136pt too wide) has occurred while \output is active
warning: 1_1_lasso.tex:135: Overfull \hbox (116.48161pt too wide) has occurred while \output is active
warning: 1_1_lasso.tex:139: Overfull \hbox (1.64136pt too wide) has occurred while \output is active
warning: 1_1_lasso.tex:139: Overfull \hbox (116.48161pt too wide) has occurred while \output is active
warning: 1_1_lasso.tex:146: Overfull \hbox (1.64136pt too wide) has occurred while \output is active
warning: 1_1_lasso.tex:146: Overfull \hbox (116.48161pt too wide) has occurred while \output is active
warning: 1_1_lasso.tex:177: Overfull \hbox (1.64136pt too wide) has occurred while \output is active
warning: 1_1_lasso.tex:177: Overfull \hbox (116.48161pt too wide) has occurred while \output is active
warning: 1_1_lasso.tex:177: Overfull \hbox (1.64136pt too wide) has occurred while \output is active
warning: 1_1_lasso.tex:177: Overfull \hbox (116.48161pt too wide) has occurred while \output is active
warning: 1_1_lasso.tex:186: Overfull \hbox (1.64136pt too wide) has occurred while \output is active
warning: 1_1_lasso.tex:186: Overfull \hbox (116.48161pt too wide) has occurred while \output is active
warning: 1_1_lasso.tex:203: Overfull \hbox (1.64136pt too wide) has occurred while \output is active
warning: 1_1_lasso.tex:203: Overfull \hbox (116.48161pt too wide) has occurred while \output is active
warning: 1_1_lasso.tex:232: Overfull \hbox (1.64136pt too wide) has occurred while \output is active
warning: 1_1_lasso.tex:232: Overfull \hbox (116.48161pt too wide) has occurred while \output is active
warning: 1_1_lasso.tex:232: Overfull \hbox (1.64136pt too wide) has occurred while \output is active
warning: 1_1_lasso.tex:232: Overfull \hbox (116.48161pt too wide) has occurred while \output is active
warning: 1_1_lasso.tex:245: Overfull \hbox (1.64136pt too wide) has occurred while \output is active
warning: 1_1_lasso.tex:245: Overfull \hbox (116.48161pt too wide) has occurred while \output is active
warning: 1_1_lasso.tex:253: Overfull \hbox (1.64136pt too wide) has occurred while \output is active
warning: 1_1_lasso.tex:253: Overfull \hbox (116.48161pt too wide) has occurred while \output is active
warning: 1_1_lasso.tex:255: Overfull \hbox (1.64136pt too wide) has occurred while \output is active
warning: 1_1_lasso.tex:255: Overfull \hbox (116.48161pt too wide) has occurred while \output is active
warning: 1_1_lasso.tex:262: Overfull \hbox (1.64136pt too wide) has occurred while \output is active
warning: 1_1_lasso.tex:262: Overfull \hbox (116.48161pt too wide) has occurred while \output is active
warning: 1_1_lasso.tex:270: Overfull \hbox (1.64136pt too wide) has occurred while \output is active
warning: 1_1_lasso.tex:270: Overfull \hbox (116.48161pt too wide) has occurred while \output is active
warning: 1_1_lasso.tex:282: Overfull \hbox (1.64136pt too wide) has occurred while \output is active
warning: 1_1_lasso.tex:282: Overfull \hbox (116.48161pt too wide) has occurred while \output is active
warning: 1_1_lasso.tex:305: Overfull \hbox (1.64136pt too wide) has occurred while \output is active
warning: 1_1_lasso.tex:305: Overfull \hbox (116.48161pt too wide) has occurred while \output is active
warning: 1_1_lasso.tex:316: Overfull \hbox (1.64136pt too wide) has occurred while \output is active
warning: 1_1_lasso.tex:316: Overfull \hbox (116.48161pt too wide) has occurred while \output is active
warning: 1_1_lasso.tex:325: Overfull \hbox (1.64136pt too wide) has occurred while \output is active
warning: 1_1_lasso.tex:325: Overfull \hbox (116.48161pt too wide) has occurred while \output is active
warning: 1_1_lasso.tex:333: Overfull \hbox (1.64136pt too wide) has occurred while \output is active
warning: 1_1_lasso.tex:333: Overfull \hbox (116.48161pt too wide) has occurred while \output is active
warning: 1_1_lasso.tex:342: Overfull \hbox (1.64136pt too wide) has occurred while \output is active
warning: 1_1_lasso.tex:342: Overfull \hbox (116.48161pt too wide) has occurred while \output is active
warning: 1_1_lasso.tex:395: Overfull \hbox (1.64136pt too wide) has occurred while \output is active
warning: 1_1_lasso.tex:395: Overfull \hbox (116.48161pt too wide) has occurred while \output is active
warning: 1_1_lasso.tex:395: Overfull \hbox (1.64136pt too wide) has occurred while \output is active
warning: 1_1_lasso.tex:395: Overfull \hbox (116.48161pt too wide) has occurred while \output is active
warning: 1_1_lasso.tex:395: Overfull \hbox (1.64136pt too wide) has occurred while \output is active
warning: 1_1_lasso.tex:395: Overfull \hbox (116.48161pt too wide) has occurred while \output is active
warning: 1_1_lasso.tex:405: Overfull \hbox (1.64136pt too wide) has occurred while \output is active
warning: 1_1_lasso.tex:405: Overfull \hbox (116.48161pt too wide) has occurred while \output is active
warning: 1_1_lasso.tex:418: Overfull \hbox (1.64136pt too wide) has occurred while \output is active
warning: 1_1_lasso.tex:418: Overfull \hbox (116.48161pt too wide) has occurred while \output is active
warning: 1_1_lasso.tex:420: Overfull \hbox (1.64136pt too wide) has occurred while \output is active
warning: 1_1_lasso.tex:420: Overfull \hbox (116.48161pt too wide) has occurred while \output is active
warning: 1_1_lasso.tex:444: Overfull \hbox (1.64136pt too wide) has occurred while \output is active
warning: 1_1_lasso.tex:444: Overfull \hbox (116.48161pt too wide) has occurred while \output is active
warning: 1_1_lasso.tex:444: Overfull \hbox (1.64136pt too wide) has occurred while \output is active
warning: 1_1_lasso.tex:444: Overfull \hbox (116.48161pt too wide) has occurred while \output is active
warning: 1_1_lasso.tex:458: Overfull \hbox (1.64136pt too wide) has occurred while \output is active
warning: 1_1_lasso.tex:458: Overfull \hbox (116.48161pt too wide) has occurred while \output is active
warning: 1_1_lasso.tex:466: Overfull \hbox (1.64136pt too wide) has occurred while \output is active
warning: 1_1_lasso.tex:466: Overfull \hbox (116.48161pt too wide) has occurred while \output is active
warning: 1_1_lasso.tex:486: Overfull \hbox (1.64136pt too wide) has occurred while \output is active
warning: 1_1_lasso.tex:486: Overfull \hbox (116.48161pt too wide) has occurred while \output is active
warning: 1_1_lasso.tex:486: Overfull \hbox (1.64136pt too wide) has occurred while \output is active
warning: 1_1_lasso.tex:486: Overfull \hbox (116.48161pt too wide) has occurred while \output is active
warning: 1_1_lasso.tex:488: Overfull \hbox (1.64136pt too wide) has occurred while \output is active
warning: 1_1_lasso.tex:488: Overfull \hbox (116.48161pt too wide) has occurred while \output is active
warning: 1_1_lasso.tex:497: Overfull \hbox (1.64136pt too wide) has occurred while \output is active
warning: 1_1_lasso.tex:497: Overfull \hbox (116.48161pt too wide) has occurred while \output is active
warning: 1_1_lasso.tex:507: Overfull \hbox (1.64136pt too wide) has occurred while \output is active
warning: 1_1_lasso.tex:507: Overfull \hbox (116.48161pt too wide) has occurred while \output is active
warning: 1_1_lasso.tex:514: Overfull \hbox (1.64136pt too wide) has occurred while \output is active
warning: 1_1_lasso.tex:514: Overfull \hbox (116.48161pt too wide) has occurred while \output is active
warning: 1_1_lasso.tex:516: Overfull \hbox (1.64136pt too wide) has occurred while \output is active
warning: 1_1_lasso.tex:516: Overfull \hbox (116.48161pt too wide) has occurred while \output is active
warning: 1_1_lasso.tex:527: Overfull \hbox (1.64136pt too wide) has occurred while \output is active
warning: 1_1_lasso.tex:527: Overfull \hbox (116.48161pt too wide) has occurred while \output is active
warning: 1_1_lasso.tex:540: Overfull \hbox (1.64136pt too wide) has occurred while \output is active
warning: 1_1_lasso.tex:540: Overfull \hbox (116.48161pt too wide) has occurred while \output is active
warning: 1_1_lasso.tex:557: Overfull \hbox (1.64136pt too wide) has occurred while \output is active
warning: 1_1_lasso.tex:557: Overfull \hbox (116.48161pt too wide) has occurred while \output is active
warning: 1_1_lasso.tex:569: Overfull \hbox (1.64136pt too wide) has occurred while \output is active
warning: 1_1_lasso.tex:569: Overfull \hbox (116.48161pt too wide) has occurred while \output is active
warning: 1_1_lasso.tex:584: Overfull \hbox (1.64136pt too wide) has occurred while \output is active
warning: 1_1_lasso.tex:584: Overfull \hbox (116.48161pt too wide) has occurred while \output is active
warning: 1_1_lasso.tex:594: Overfull \hbox (1.64136pt too wide) has occurred while \output is active
warning: 1_1_lasso.tex:594: Overfull \hbox (116.48161pt too wide) has occurred while \output is active
warning: 1_1_lasso.tex:596: Overfull \hbox (1.64136pt too wide) has occurred while \output is active
warning: 1_1_lasso.tex:596: Overfull \hbox (116.48161pt too wide) has occurred while \output is active
warning: 1_1_lasso.tex:618: Overfull \hbox (1.64136pt too wide) has occurred while \output is active
warning: 1_1_lasso.tex:618: Overfull \hbox (116.48161pt too wide) has occurred while \output is active
warning: 1_1_lasso.tex:645: Overfull \hbox (1.64136pt too wide) has occurred while \output is active
warning: 1_1_lasso.tex:645: Overfull \hbox (116.48161pt too wide) has occurred while \output is active
warning: 1_1_lasso.tex:645: Overfull \hbox (1.64136pt too wide) has occurred while \output is active
warning: 1_1_lasso.tex:645: Overfull \hbox (116.48161pt too wide) has occurred while \output is active
warning: 1_1_lasso.tex:664: Overfull \hbox (1.64136pt too wide) has occurred while \output is active
warning: 1_1_lasso.tex:664: Overfull \hbox (116.48161pt too wide) has occurred while \output is active
warning: 1_1_lasso.tex:684: Overfull \hbox (1.64136pt too wide) has occurred while \output is active
warning: 1_1_lasso.tex:684: Overfull \hbox (116.48161pt too wide) has occurred while \output is active
warning: 1_1_lasso.tex:706: Overfull \hbox (1.64136pt too wide) has occurred while \output is active
warning: 1_1_lasso.tex:706: Overfull \hbox (116.48161pt too wide) has occurred while \output is active
warning: 1_1_lasso.tex:712: Overfull \hbox (1.64136pt too wide) has occurred while \output is active
warning: 1_1_lasso.tex:712: Overfull \hbox (116.48161pt too wide) has occurred while \output is active
note: Running BibTeX on 1_1_lasso.aux ...
note: Rerunning TeX because bibtex was run ...
warning: 1_1_lasso.tex:48: 
Missing character: There is no 5 ("35) in font nullfont!
warning: could not represent character "5" (0x35) in font "nullfont"
warning:   you may need to load the `fontspec` package and use (e.g.) \setmainfont to
warning:   choose a different font that covers the unrepresentable character(s)
warning: 1_1_lasso.tex:48: Overfull \hbox (1.64136pt too wide) has occurred while \output is active
warning: 1_1_lasso.tex:48: Overfull \hbox (116.48161pt too wide) has occurred while \output is active
warning: 1_1_lasso.tex:65: Overfull \hbox (1.64136pt too wide) has occurred while \output is active
warning: 1_1_lasso.tex:65: Overfull \hbox (116.48161pt too wide) has occurred while \output is active
warning: 1_1_lasso.tex:81: Overfull \hbox (1.64136pt too wide) has occurred while \output is active
warning: 1_1_lasso.tex:81: Overfull \hbox (116.48161pt too wide) has occurred while \output is active
warning: 1_1_lasso.tex:95: Overfull \hbox (1.64136pt too wide) has occurred while \output is active
warning: 1_1_lasso.tex:95: Overfull \hbox (116.48161pt too wide) has occurred while \output is active
warning: 1_1_lasso.tex:101: Overfull \hbox (1.64136pt too wide) has occurred while \output is active
warning: 1_1_lasso.tex:101: Overfull \hbox (116.48161pt too wide) has occurred while \output is active
warning: 1_1_lasso.tex:110: Overfull \hbox (1.64136pt too wide) has occurred while \output is active
warning: 1_1_lasso.tex:110: Overfull \hbox (116.48161pt too wide) has occurred while \output is active
warning: 1_1_lasso.tex:112: Overfull \hbox (1.64136pt too wide) has occurred while \output is active
warning: 1_1_lasso.tex:112: Overfull \hbox (116.48161pt too wide) has occurred while \output is active
warning: 1_1_lasso.tex:127: Overfull \hbox (1.64136pt too wide) has occurred while \output is active
warning: 1_1_lasso.tex:127: Overfull \hbox (116.48161pt too wide) has occurred while \output is active
warning: 1_1_lasso.tex:135: Overfull \hbox (1.64136pt too wide) has occurred while \output is active
warning: 1_1_lasso.tex:135: Overfull \hbox (116.48161pt too wide) has occurred while \output is active
warning: 1_1_lasso.tex:139: Overfull \hbox (1.64136pt too wide) has occurred while \output is active
warning: 1_1_lasso.tex:139: Overfull \hbox (116.48161pt too wide) has occurred while \output is active
warning: 1_1_lasso.tex:146: Overfull \hbox (1.64136pt too wide) has occurred while \output is active
warning: 1_1_lasso.tex:146: Overfull \hbox (116.48161pt too wide) has occurred while \output is active
warning: 1_1_lasso.tex:177: Overfull \hbox (1.64136pt too wide) has occurred while \output is active
warning: 1_1_lasso.tex:177: Overfull \hbox (116.48161pt too wide) has occurred while \output is active
warning: 1_1_lasso.tex:177: Overfull \hbox (1.64136pt too wide) has occurred while \output is active
warning: 1_1_lasso.tex:177: Overfull \hbox (116.48161pt too wide) has occurred while \output is active
warning: 1_1_lasso.tex:186: Overfull \hbox (1.64136pt too wide) has occurred while \output is active
warning: 1_1_lasso.tex:186: Overfull \hbox (116.48161pt too wide) has occurred while \output is active
warning: 1_1_lasso.tex:203: Overfull \hbox (1.64136pt too wide) has occurred while \output is active
warning: 1_1_lasso.tex:203: Overfull \hbox (116.48161pt too wide) has occurred while \output is active
warning: 1_1_lasso.tex:232: Overfull \hbox (1.64136pt too wide) has occurred while \output is active
warning: 1_1_lasso.tex:232: Overfull \hbox (116.48161pt too wide) has occurred while \output is active
warning: 1_1_lasso.tex:232: Overfull \hbox (1.64136pt too wide) has occurred while \output is active
warning: 1_1_lasso.tex:232: Overfull \hbox (116.48161pt too wide) has occurred while \output is active
warning: 1_1_lasso.tex:245: Overfull \hbox (1.64136pt too wide) has occurred while \output is active
warning: 1_1_lasso.tex:245: Overfull \hbox (116.48161pt too wide) has occurred while \output is active
warning: 1_1_lasso.tex:253: Overfull \hbox (1.64136pt too wide) has occurred while \output is active
warning: 1_1_lasso.tex:253: Overfull \hbox (116.48161pt too wide) has occurred while \output is active
warning: 1_1_lasso.tex:255: Overfull \hbox (1.64136pt too wide) has occurred while \output is active
warning: 1_1_lasso.tex:255: Overfull \hbox (116.48161pt too wide) has occurred while \output is active
warning: 1_1_lasso.tex:262: Overfull \hbox (1.64136pt too wide) has occurred while \output is active
warning: 1_1_lasso.tex:262: Overfull \hbox (116.48161pt too wide) has occurred while \output is active
warning: 1_1_lasso.tex:270: Overfull \hbox (1.64136pt too wide) has occurred while \output is active
warning: 1_1_lasso.tex:270: Overfull \hbox (116.48161pt too wide) has occurred while \output is active
warning: 1_1_lasso.tex:282: Overfull \hbox (1.64136pt too wide) has occurred while \output is active
warning: 1_1_lasso.tex:282: Overfull \hbox (116.48161pt too wide) has occurred while \output is active
warning: 1_1_lasso.tex:305: Overfull \hbox (1.64136pt too wide) has occurred while \output is active
warning: 1_1_lasso.tex:305: Overfull \hbox (116.48161pt too wide) has occurred while \output is active
warning: 1_1_lasso.tex:316: Overfull \hbox (1.64136pt too wide) has occurred while \output is active
warning: 1_1_lasso.tex:316: Overfull \hbox (116.48161pt too wide) has occurred while \output is active
warning: 1_1_lasso.tex:325: Overfull \hbox (1.64136pt too wide) has occurred while \output is active
warning: 1_1_lasso.tex:325: Overfull \hbox (116.48161pt too wide) has occurred while \output is active
warning: 1_1_lasso.tex:333: Overfull \hbox (1.64136pt too wide) has occurred while \output is active
warning: 1_1_lasso.tex:333: Overfull \hbox (116.48161pt too wide) has occurred while \output is active
warning: 1_1_lasso.tex:342: Overfull \hbox (1.64136pt too wide) has occurred while \output is active
warning: 1_1_lasso.tex:342: Overfull \hbox (116.48161pt too wide) has occurred while \output is active
warning: 1_1_lasso.tex:395: Overfull \hbox (1.64136pt too wide) has occurred while \output is active
warning: 1_1_lasso.tex:395: Overfull \hbox (116.48161pt too wide) has occurred while \output is active
warning: 1_1_lasso.tex:395: Overfull \hbox (1.64136pt too wide) has occurred while \output is active
warning: 1_1_lasso.tex:395: Overfull \hbox (116.48161pt too wide) has occurred while \output is active
warning: 1_1_lasso.tex:395: Overfull \hbox (1.64136pt too wide) has occurred while \output is active
warning: 1_1_lasso.tex:395: Overfull \hbox (116.48161pt too wide) has occurred while \output is active
warning: 1_1_lasso.tex:405: Overfull \hbox (1.64136pt too wide) has occurred while \output is active
warning: 1_1_lasso.tex:405: Overfull \hbox (116.48161pt too wide) has occurred while \output is active
warning: 1_1_lasso.tex:418: Overfull \hbox (1.64136pt too wide) has occurred while \output is active
warning: 1_1_lasso.tex:418: Overfull \hbox (116.48161pt too wide) has occurred while \output is active
warning: 1_1_lasso.tex:420: Overfull \hbox (1.64136pt too wide) has occurred while \output is active
warning: 1_1_lasso.tex:420: Overfull \hbox (116.48161pt too wide) has occurred while \output is active
warning: 1_1_lasso.tex:444: Overfull \hbox (1.64136pt too wide) has occurred while \output is active
warning: 1_1_lasso.tex:444: Overfull \hbox (116.48161pt too wide) has occurred while \output is active
warning: 1_1_lasso.tex:444: Overfull \hbox (1.64136pt too wide) has occurred while \output is active
warning: 1_1_lasso.tex:444: Overfull \hbox (116.48161pt too wide) has occurred while \output is active
warning: 1_1_lasso.tex:458: Overfull \hbox (1.64136pt too wide) has occurred while \output is active
warning: 1_1_lasso.tex:458: Overfull \hbox (116.48161pt too wide) has occurred while \output is active
warning: 1_1_lasso.tex:466: Overfull \hbox (1.64136pt too wide) has occurred while \output is active
warning: 1_1_lasso.tex:466: Overfull \hbox (116.48161pt too wide) has occurred while \output is active
warning: 1_1_lasso.tex:486: Overfull \hbox (1.64136pt too wide) has occurred while \output is active
warning: 1_1_lasso.tex:486: Overfull \hbox (116.48161pt too wide) has occurred while \output is active
warning: 1_1_lasso.tex:486: Overfull \hbox (1.64136pt too wide) has occurred while \output is active
warning: 1_1_lasso.tex:486: Overfull \hbox (116.48161pt too wide) has occurred while \output is active
warning: 1_1_lasso.tex:488: Overfull \hbox (1.64136pt too wide) has occurred while \output is active
warning: 1_1_lasso.tex:488: Overfull \hbox (116.48161pt too wide) has occurred while \output is active
warning: 1_1_lasso.tex:497: Overfull \hbox (1.64136pt too wide) has occurred while \output is active
warning: 1_1_lasso.tex:497: Overfull \hbox (116.48161pt too wide) has occurred while \output is active
warning: 1_1_lasso.tex:507: Overfull \hbox (1.64136pt too wide) has occurred while \output is active
warning: 1_1_lasso.tex:507: Overfull \hbox (116.48161pt too wide) has occurred while \output is active
warning: 1_1_lasso.tex:514: Overfull \hbox (1.64136pt too wide) has occurred while \output is active
warning: 1_1_lasso.tex:514: Overfull \hbox (116.48161pt too wide) has occurred while \output is active
warning: 1_1_lasso.tex:516: Overfull \hbox (1.64136pt too wide) has occurred while \output is active
warning: 1_1_lasso.tex:516: Overfull \hbox (116.48161pt too wide) has occurred while \output is active
warning: 1_1_lasso.tex:527: Overfull \hbox (1.64136pt too wide) has occurred while \output is active
warning: 1_1_lasso.tex:527: Overfull \hbox (116.48161pt too wide) has occurred while \output is active
warning: 1_1_lasso.tex:540: Overfull \hbox (1.64136pt too wide) has occurred while \output is active
warning: 1_1_lasso.tex:540: Overfull \hbox (116.48161pt too wide) has occurred while \output is active
warning: 1_1_lasso.tex:557: Overfull \hbox (1.64136pt too wide) has occurred while \output is active
warning: 1_1_lasso.tex:557: Overfull \hbox (116.48161pt too wide) has occurred while \output is active
warning: 1_1_lasso.tex:569: Overfull \hbox (1.64136pt too wide) has occurred while \output is active
warning: 1_1_lasso.tex:569: Overfull \hbox (116.48161pt too wide) has occurred while \output is active
warning: 1_1_lasso.tex:584: Overfull \hbox (1.64136pt too wide) has occurred while \output is active
warning: 1_1_lasso.tex:584: Overfull \hbox (116.48161pt too wide) has occurred while \output is active
warning: 1_1_lasso.tex:594: Overfull \hbox (1.64136pt too wide) has occurred while \output is active
warning: 1_1_lasso.tex:594: Overfull \hbox (116.48161pt too wide) has occurred while \output is active
warning: 1_1_lasso.tex:596: Overfull \hbox (1.64136pt too wide) has occurred while \output is active
warning: 1_1_lasso.tex:596: Overfull \hbox (116.48161pt too wide) has occurred while \output is active
warning: 1_1_lasso.tex:618: Overfull \hbox (1.64136pt too wide) has occurred while \output is active
warning: 1_1_lasso.tex:618: Overfull \hbox (116.48161pt too wide) has occurred while \output is active
warning: 1_1_lasso.tex:645: Overfull \hbox (1.64136pt too wide) has occurred while \output is active
warning: 1_1_lasso.tex:645: Overfull \hbox (116.48161pt too wide) has occurred while \output is active
warning: 1_1_lasso.tex:645: Overfull \hbox (1.64136pt too wide) has occurred while \output is active
warning: 1_1_lasso.tex:645: Overfull \hbox (116.48161pt too wide) has occurred while \output is active
warning: 1_1_lasso.tex:664: Overfull \hbox (1.64136pt too wide) has occurred while \output is active
warning: 1_1_lasso.tex:664: Overfull \hbox (116.48161pt too wide) has occurred while \output is active
warning: 1_1_lasso.tex:684: Overfull \hbox (1.64136pt too wide) has occurred while \output is active
warning: 1_1_lasso.tex:684: Overfull \hbox (116.48161pt too wide) has occurred while \output is active
warning: 1_1_lasso.tex:706: Overfull \hbox (1.64136pt too wide) has occurred while \output is active
warning: 1_1_lasso.tex:706: Overfull \hbox (116.48161pt too wide) has occurred while \output is active
warning: 1_1_lasso.tex:712: Overfull \hbox (1.64136pt too wide) has occurred while \output is active
warning: 1_1_lasso.tex:712: Overfull \hbox (116.48161pt too wide) has occurred while \output is active
note: Rerunning TeX because "1_1_lasso.aux" changed ...
warning: 1_1_lasso.tex:48: 
Missing character: There is no 5 ("35) in font nullfont!
warning: could not represent character "5" (0x35) in font "nullfont"
warning:   you may need to load the `fontspec` package and use (e.g.) \setmainfont to
warning:   choose a different font that covers the unrepresentable character(s)
warning: 1_1_lasso.tex:48: Overfull \hbox (1.64136pt too wide) has occurred while \output is active
warning: 1_1_lasso.tex:48: Overfull \hbox (116.48161pt too wide) has occurred while \output is active
warning: 1_1_lasso.tex:65: Overfull \hbox (1.64136pt too wide) has occurred while \output is active
warning: 1_1_lasso.tex:65: Overfull \hbox (116.48161pt too wide) has occurred while \output is active
warning: 1_1_lasso.tex:81: Overfull \hbox (1.64136pt too wide) has occurred while \output is active
warning: 1_1_lasso.tex:81: Overfull \hbox (116.48161pt too wide) has occurred while \output is active
warning: 1_1_lasso.tex:95: Overfull \hbox (1.64136pt too wide) has occurred while \output is active
warning: 1_1_lasso.tex:95: Overfull \hbox (116.48161pt too wide) has occurred while \output is active
warning: 1_1_lasso.tex:101: Overfull \hbox (1.64136pt too wide) has occurred while \output is active
warning: 1_1_lasso.tex:101: Overfull \hbox (116.48161pt too wide) has occurred while \output is active
warning: 1_1_lasso.tex:110: Overfull \hbox (1.64136pt too wide) has occurred while \output is active
warning: 1_1_lasso.tex:110: Overfull \hbox (116.48161pt too wide) has occurred while \output is active
warning: 1_1_lasso.tex:112: Overfull \hbox (1.64136pt too wide) has occurred while \output is active
warning: 1_1_lasso.tex:112: Overfull \hbox (116.48161pt too wide) has occurred while \output is active
warning: 1_1_lasso.tex:127: Overfull \hbox (1.64136pt too wide) has occurred while \output is active
warning: 1_1_lasso.tex:127: Overfull \hbox (116.48161pt too wide) has occurred while \output is active
warning: 1_1_lasso.tex:135: Overfull \hbox (1.64136pt too wide) has occurred while \output is active
warning: 1_1_lasso.tex:135: Overfull \hbox (116.48161pt too wide) has occurred while \output is active
warning: 1_1_lasso.tex:139: Overfull \hbox (1.64136pt too wide) has occurred while \output is active
warning: 1_1_lasso.tex:139: Overfull \hbox (116.48161pt too wide) has occurred while \output is active
warning: 1_1_lasso.tex:146: Overfull \hbox (1.64136pt too wide) has occurred while \output is active
warning: 1_1_lasso.tex:146: Overfull \hbox (116.48161pt too wide) has occurred while \output is active
warning: 1_1_lasso.tex:177: Overfull \hbox (1.64136pt too wide) has occurred while \output is active
warning: 1_1_lasso.tex:177: Overfull \hbox (116.48161pt too wide) has occurred while \output is active
warning: 1_1_lasso.tex:177: Overfull \hbox (1.64136pt too wide) has occurred while \output is active
warning: 1_1_lasso.tex:177: Overfull \hbox (116.48161pt too wide) has occurred while \output is active
warning: 1_1_lasso.tex:186: Overfull \hbox (1.64136pt too wide) has occurred while \output is active
warning: 1_1_lasso.tex:186: Overfull \hbox (116.48161pt too wide) has occurred while \output is active
warning: 1_1_lasso.tex:203: Overfull \hbox (1.64136pt too wide) has occurred while \output is active
warning: 1_1_lasso.tex:203: Overfull \hbox (116.48161pt too wide) has occurred while \output is active
warning: 1_1_lasso.tex:232: Overfull \hbox (1.64136pt too wide) has occurred while \output is active
warning: 1_1_lasso.tex:232: Overfull \hbox (116.48161pt too wide) has occurred while \output is active
warning: 1_1_lasso.tex:232: Overfull \hbox (1.64136pt too wide) has occurred while \output is active
warning: 1_1_lasso.tex:232: Overfull \hbox (116.48161pt too wide) has occurred while \output is active
warning: 1_1_lasso.tex:245: Overfull \hbox (1.64136pt too wide) has occurred while \output is active
warning: 1_1_lasso.tex:245: Overfull \hbox (116.48161pt too wide) has occurred while \output is active
warning: 1_1_lasso.tex:253: Overfull \hbox (1.64136pt too wide) has occurred while \output is active
warning: 1_1_lasso.tex:253: Overfull \hbox (116.48161pt too wide) has occurred while \output is active
warning: 1_1_lasso.tex:255: Overfull \hbox (1.64136pt too wide) has occurred while \output is active
warning: 1_1_lasso.tex:255: Overfull \hbox (116.48161pt too wide) has occurred while \output is active
warning: 1_1_lasso.tex:262: Overfull \hbox (1.64136pt too wide) has occurred while \output is active
warning: 1_1_lasso.tex:262: Overfull \hbox (116.48161pt too wide) has occurred while \output is active
warning: 1_1_lasso.tex:270: Overfull \hbox (1.64136pt too wide) has occurred while \output is active
warning: 1_1_lasso.tex:270: Overfull \hbox (116.48161pt too wide) has occurred while \output is active
warning: 1_1_lasso.tex:282: Overfull \hbox (1.64136pt too wide) has occurred while \output is active
warning: 1_1_lasso.tex:282: Overfull \hbox (116.48161pt too wide) has occurred while \output is active
warning: 1_1_lasso.tex:305: Overfull \hbox (1.64136pt too wide) has occurred while \output is active
warning: 1_1_lasso.tex:305: Overfull \hbox (116.48161pt too wide) has occurred while \output is active
warning: 1_1_lasso.tex:316: Overfull \hbox (1.64136pt too wide) has occurred while \output is active
warning: 1_1_lasso.tex:316: Overfull \hbox (116.48161pt too wide) has occurred while \output is active
warning: 1_1_lasso.tex:325: Overfull \hbox (1.64136pt too wide) has occurred while \output is active
warning: 1_1_lasso.tex:325: Overfull \hbox (116.48161pt too wide) has occurred while \output is active
warning: 1_1_lasso.tex:333: Overfull \hbox (1.64136pt too wide) has occurred while \output is active
warning: 1_1_lasso.tex:333: Overfull \hbox (116.48161pt too wide) has occurred while \output is active
warning: 1_1_lasso.tex:342: Overfull \hbox (1.64136pt too wide) has occurred while \output is active
warning: 1_1_lasso.tex:342: Overfull \hbox (116.48161pt too wide) has occurred while \output is active
warning: 1_1_lasso.tex:395: Overfull \hbox (1.64136pt too wide) has occurred while \output is active
warning: 1_1_lasso.tex:395: Overfull \hbox (116.48161pt too wide) has occurred while \output is active
warning: 1_1_lasso.tex:395: Overfull \hbox (1.64136pt too wide) has occurred while \output is active
warning: 1_1_lasso.tex:395: Overfull \hbox (116.48161pt too wide) has occurred while \output is active
warning: 1_1_lasso.tex:395: Overfull \hbox (1.64136pt too wide) has occurred while \output is active
warning: 1_1_lasso.tex:395: Overfull \hbox (116.48161pt too wide) has occurred while \output is active
warning: 1_1_lasso.tex:405: Overfull \hbox (1.64136pt too wide) has occurred while \output is active
warning: 1_1_lasso.tex:405: Overfull \hbox (116.48161pt too wide) has occurred while \output is active
warning: 1_1_lasso.tex:418: Overfull \hbox (1.64136pt too wide) has occurred while \output is active
warning: 1_1_lasso.tex:418: Overfull \hbox (116.48161pt too wide) has occurred while \output is active
warning: 1_1_lasso.tex:420: Overfull \hbox (1.64136pt too wide) has occurred while \output is active
warning: 1_1_lasso.tex:420: Overfull \hbox (116.48161pt too wide) has occurred while \output is active
warning: 1_1_lasso.tex:444: Overfull \hbox (1.64136pt too wide) has occurred while \output is active
warning: 1_1_lasso.tex:444: Overfull \hbox (116.48161pt too wide) has occurred while \output is active
warning: 1_1_lasso.tex:444: Overfull \hbox (1.64136pt too wide) has occurred while \output is active
warning: 1_1_lasso.tex:444: Overfull \hbox (116.48161pt too wide) has occurred while \output is active
warning: 1_1_lasso.tex:458: Overfull \hbox (1.64136pt too wide) has occurred while \output is active
warning: 1_1_lasso.tex:458: Overfull \hbox (116.48161pt too wide) has occurred while \output is active
warning: 1_1_lasso.tex:466: Overfull \hbox (1.64136pt too wide) has occurred while \output is active
warning: 1_1_lasso.tex:466: Overfull \hbox (116.48161pt too wide) has occurred while \output is active
warning: 1_1_lasso.tex:486: Overfull \hbox (1.64136pt too wide) has occurred while \output is active
warning: 1_1_lasso.tex:486: Overfull \hbox (116.48161pt too wide) has occurred while \output is active
warning: 1_1_lasso.tex:486: Overfull \hbox (1.64136pt too wide) has occurred while \output is active
warning: 1_1_lasso.tex:486: Overfull \hbox (116.48161pt too wide) has occurred while \output is active
warning: 1_1_lasso.tex:488: Overfull \hbox (1.64136pt too wide) has occurred while \output is active
warning: 1_1_lasso.tex:488: Overfull \hbox (116.48161pt too wide) has occurred while \output is active
warning: 1_1_lasso.tex:497: Overfull \hbox (1.64136pt too wide) has occurred while \output is active
warning: 1_1_lasso.tex:497: Overfull \hbox (116.48161pt too wide) has occurred while \output is active
warning: 1_1_lasso.tex:507: Overfull \hbox (1.64136pt too wide) has occurred while \output is active
warning: 1_1_lasso.tex:507: Overfull \hbox (116.48161pt too wide) has occurred while \output is active
warning: 1_1_lasso.tex:514: Overfull \hbox (1.64136pt too wide) has occurred while \output is active
warning: 1_1_lasso.tex:514: Overfull \hbox (116.48161pt too wide) has occurred while \output is active
warning: 1_1_lasso.tex:516: Overfull \hbox (1.64136pt too wide) has occurred while \output is active
warning: 1_1_lasso.tex:516: Overfull \hbox (116.48161pt too wide) has occurred while \output is active
warning: 1_1_lasso.tex:527: Overfull \hbox (1.64136pt too wide) has occurred while \output is active
warning: 1_1_lasso.tex:527: Overfull \hbox (116.48161pt too wide) has occurred while \output is active
warning: 1_1_lasso.tex:540: Overfull \hbox (1.64136pt too wide) has occurred while \output is active
warning: 1_1_lasso.tex:540: Overfull \hbox (116.48161pt too wide) has occurred while \output is active
warning: 1_1_lasso.tex:557: Overfull \hbox (1.64136pt too wide) has occurred while \output is active
warning: 1_1_lasso.tex:557: Overfull \hbox (116.48161pt too wide) has occurred while \output is active
warning: 1_1_lasso.tex:569: Overfull \hbox (1.64136pt too wide) has occurred while \output is active
warning: 1_1_lasso.tex:569: Overfull \hbox (116.48161pt too wide) has occurred while \output is active
warning: 1_1_lasso.tex:584: Overfull \hbox (1.64136pt too wide) has occurred while \output is active
warning: 1_1_lasso.tex:584: Overfull \hbox (116.48161pt too wide) has occurred while \output is active
warning: 1_1_lasso.tex:594: Overfull \hbox (1.64136pt too wide) has occurred while \output is active
warning: 1_1_lasso.tex:594: Overfull \hbox (116.48161pt too wide) has occurred while \output is active
warning: 1_1_lasso.tex:596: Overfull \hbox (1.64136pt too wide) has occurred while \output is active
warning: 1_1_lasso.tex:596: Overfull \hbox (116.48161pt too wide) has occurred while \output is active
warning: 1_1_lasso.tex:618: Overfull \hbox (1.64136pt too wide) has occurred while \output is active
warning: 1_1_lasso.tex:618: Overfull \hbox (116.48161pt too wide) has occurred while \output is active
warning: 1_1_lasso.tex:645: Overfull \hbox (1.64136pt too wide) has occurred while \output is active
warning: 1_1_lasso.tex:645: Overfull \hbox (116.48161pt too wide) has occurred while \output is active
warning: 1_1_lasso.tex:645: Overfull \hbox (1.64136pt too wide) has occurred while \output is active
warning: 1_1_lasso.tex:645: Overfull \hbox (116.48161pt too wide) has occurred while \output is active
warning: 1_1_lasso.tex:664: Overfull \hbox (1.64136pt too wide) has occurred while \output is active
warning: 1_1_lasso.tex:664: Overfull \hbox (116.48161pt too wide) has occurred while \output is active
warning: 1_1_lasso.tex:684: Overfull \hbox (1.64136pt too wide) has occurred while \output is active
warning: 1_1_lasso.tex:684: Overfull \hbox (116.48161pt too wide) has occurred while \output is active
warning: 1_1_lasso.tex:706: Overfull \hbox (1.64136pt too wide) has occurred while \output is active
warning: 1_1_lasso.tex:706: Overfull \hbox (116.48161pt too wide) has occurred while \output is active
warning: 1_1_lasso.tex:712: Overfull \hbox (1.64136pt too wide) has occurred while \output is active
warning: 1_1_lasso.tex:712: Overfull \hbox (116.48161pt too wide) has occurred while \output is active
warning: warnings were issued by the TeX engine; use --print and/or --keep-logs for details.
note: Running xdvipdfmx ...
note: Writing `1_1_lasso.pdf` (2.3268985748291016 MiB)
note: Skipped writing 6 intermediate files (use --keep-intermediates to keep them)
