note: "version 2" Tectonic command-line interface activated
note: Running TeX ...
Fontconfig error: Cannot load default config file: No such file: (null)
warning: 2_2_hetorogeneous_treatment_tree.tex:47: Missing character: There is no 5 ("35) in font nullfont!
warning: could not represent character "5" (0x35) in font "nullfont"
warning:   you may need to load the `fontspec` package and use (e.g.) \setmainfont to
warning:   choose a different font that covers the unrepresentable character(s)
warning: 2_2_hetorogeneous_treatment_tree.tex:47: Overfull \hbox (4.0025pt too wide) has occurred while \output is active
warning: 2_2_hetorogeneous_treatment_tree.tex:64: Overfull \hbox (4.0025pt too wide) has occurred while \output is active
warning: 2_2_hetorogeneous_treatment_tree.tex:76: Overfull \hbox (4.0025pt too wide) has occurred while \output is active
warning: 2_2_hetorogeneous_treatment_tree.tex:86: Overfull \hbox (4.0025pt too wide) has occurred while \output is active
warning: 2_2_hetorogeneous_treatment_tree.tex:105: Overfull \hbox (4.0025pt too wide) has occurred while \output is active
warning: 2_2_hetorogeneous_treatment_tree.tex:119: Overfull \hbox (4.0025pt too wide) has occurred while \output is active
warning: 2_2_hetorogeneous_treatment_tree.tex:133: Overfull \hbox (4.0025pt too wide) has occurred while \output is active
warning: 2_2_hetorogeneous_treatment_tree.tex:141: Overfull \hbox (4.0025pt too wide) has occurred while \output is active
warning: 2_2_hetorogeneous_treatment_tree.tex:156: Overfull \hbox (4.0025pt too wide) has occurred while \output is active
warning: 2_2_hetorogeneous_treatment_tree.tex:171: Overfull \hbox (4.0025pt too wide) has occurred while \output is active
warning: 2_2_hetorogeneous_treatment_tree.tex:185: Overfull \hbox (4.0025pt too wide) has occurred while \output is active
warning: 2_2_hetorogeneous_treatment_tree.tex:199: Overfull \hbox (4.0025pt too wide) has occurred while \output is active
warning: 2_2_hetorogeneous_treatment_tree.tex:217: Overfull \hbox (4.0025pt too wide) has occurred while \output is active
warning: 2_2_hetorogeneous_treatment_tree.tex:230: Overfull \hbox (4.0025pt too wide) has occurred while \output is active
warning: 2_2_hetorogeneous_treatment_tree.tex:249: Overfull \hbox (4.0025pt too wide) has occurred while \output is active
warning: 2_2_hetorogeneous_treatment_tree.tex:249: Overfull \hbox (4.0025pt too wide) has occurred while \output is active
warning: 2_2_hetorogeneous_treatment_tree.tex:259: Overfull \hbox (4.0025pt too wide) has occurred while \output is active
warning: 2_2_hetorogeneous_treatment_tree.tex:290: Overfull \hbox (4.0025pt too wide) has occurred while \output is active
warning: 2_2_hetorogeneous_treatment_tree.tex:320: Overfull \hbox (4.0025pt too wide) has occurred while \output is active
warning: 2_2_hetorogeneous_treatment_tree.tex:336: Overfull \hbox (4.0025pt too wide) has occurred while \output is active
warning: 2_2_hetorogeneous_treatment_tree.tex:345: Overfull \hbox (4.0025pt too wide) has occurred while \output is active
warning: 2_2_hetorogeneous_treatment_tree.tex:366: Overfull \hbox (4.0025pt too wide) has occurred while \output is active
warning: 2_2_hetorogeneous_treatment_tree.tex:388: Overfull \hbox (4.0025pt too wide) has occurred while \output is active
warning: 2_2_hetorogeneous_treatment_tree.tex:405: Overfull \hbox (4.0025pt too wide) has occurred while \output is active
warning: 2_2_hetorogeneous_treatment_tree.tex:416: Overfull \hbox (4.0025pt too wide) has occurred while \output is active
warning: 2_2_hetorogeneous_treatment_tree.tex:436: Overfull \hbox (4.0025pt too wide) has occurred while \output is active
warning: 2_2_hetorogeneous_treatment_tree.tex:447: Overfull \hbox (4.0025pt too wide) has occurred while \output is active
warning: 2_2_hetorogeneous_treatment_tree.tex:449: Overfull \hbox (4.0025pt too wide) has occurred while \output is active
warning: 2_2_hetorogeneous_treatment_tree.tex:460: Overfull \hbox (4.0025pt too wide) has occurred while \output is active
warning: 2_2_hetorogeneous_treatment_tree.tex:467: Overfull \hbox (4.0025pt too wide) has occurred while \output is active
warning: 2_2_hetorogeneous_treatment_tree.tex:476: Overfull \hbox (4.0025pt too wide) has occurred while \output is active
warning: 2_2_hetorogeneous_treatment_tree.tex:486: Overfull \hbox (4.0025pt too wide) has occurred while \output is active
warning: 2_2_hetorogeneous_treatment_tree.tex:496: Overfull \hbox (4.0025pt too wide) has occurred while \output is active
warning: 2_2_hetorogeneous_treatment_tree.tex:504: Overfull \hbox (4.0025pt too wide) has occurred while \output is active
warning: 2_2_hetorogeneous_treatment_tree.tex:514: Overfull \hbox (4.0025pt too wide) has occurred while \output is active
warning: 2_2_hetorogeneous_treatment_tree.tex:522: Overfull \hbox (4.0025pt too wide) has occurred while \output is active
warning: 2_2_hetorogeneous_treatment_tree.tex:525: Overfull \hbox (4.0025pt too wide) has occurred while \output is active
warning: 2_2_hetorogeneous_treatment_tree.tex:548: Overfull \hbox (4.0025pt too wide) has occurred while \output is active
warning: 2_2_hetorogeneous_treatment_tree.tex:558: Overfull \hbox (4.0025pt too wide) has occurred while \output is active
warning: 2_2_hetorogeneous_treatment_tree.tex:575: Overfull \hbox (4.0025pt too wide) has occurred while \output is active
warning: 2_2_hetorogeneous_treatment_tree.tex:586: Overfull \hbox (4.0025pt too wide) has occurred while \output is active
warning: 2_2_hetorogeneous_treatment_tree.tex:598: Overfull \hbox (4.0025pt too wide) has occurred while \output is active
warning: 2_2_hetorogeneous_treatment_tree.tex:612: Overfull \hbox (4.0025pt too wide) has occurred while \output is active
warning: 2_2_hetorogeneous_treatment_tree.tex:628: Overfull \hbox (4.0025pt too wide) has occurred while \output is active
warning: 2_2_hetorogeneous_treatment_tree.tex:630: Overfull \hbox (4.0025pt too wide) has occurred while \output is active
warning: 2_2_hetorogeneous_treatment_tree.tex:644: Overfull \hbox (4.0025pt too wide) has occurred while \output is active
warning: 2_2_hetorogeneous_treatment_tree.tex:662: Overfull \hbox (4.0025pt too wide) has occurred while \output is active
warning: 2_2_hetorogeneous_treatment_tree.tex:665: Overfull \hbox (4.0025pt too wide) has occurred while \output is active
warning: 2_2_hetorogeneous_treatment_tree.tex:713: Overfull \hbox (4.0025pt too wide) has occurred while \output is active
warning: 2_2_hetorogeneous_treatment_tree.tex:713: Overfull \hbox (4.0025pt too wide) has occurred while \output is active
warning: 2_2_hetorogeneous_treatment_tree.tex:715: Overfull \hbox (4.0025pt too wide) has occurred while \output is active
warning: 2_2_hetorogeneous_treatment_tree.tex:758: Overfull \hbox (4.0025pt too wide) has occurred while \output is active
warning: 2_2_hetorogeneous_treatment_tree.tex:758: Overfull \hbox (4.0025pt too wide) has occurred while \output is active
warning: 2_2_hetorogeneous_treatment_tree.tex:758: Overfull \hbox (4.0025pt too wide) has occurred while \output is active
warning: 2_2_hetorogeneous_treatment_tree.tex:768: Overfull \hbox (4.0025pt too wide) has occurred while \output is active
warning: 2_2_hetorogeneous_treatment_tree.tex:779: Overfull \hbox (4.0025pt too wide) has occurred while \output is active
warning: 2_2_hetorogeneous_treatment_tree.tex:792: Overfull \hbox (4.0025pt too wide) has occurred while \output is active
warning: 2_2_hetorogeneous_treatment_tree.tex:801: Overfull \hbox (4.0025pt too wide) has occurred while \output is active
warning: 2_2_hetorogeneous_treatment_tree.tex:814: Overfull \hbox (4.0025pt too wide) has occurred while \output is active
warning: 2_2_hetorogeneous_treatment_tree.tex:834: Overfull \hbox (4.0025pt too wide) has occurred while \output is active
warning: 2_2_hetorogeneous_treatment_tree.tex:845: Overfull \hbox (4.0025pt too wide) has occurred while \output is active
warning: 2_2_hetorogeneous_treatment_tree.tex:858: Overfull \hbox (4.0025pt too wide) has occurred while \output is active
warning: 2_2_hetorogeneous_treatment_tree.tex:870: Overfull \hbox (4.0025pt too wide) has occurred while \output is active
warning: 2_2_hetorogeneous_treatment_tree.tex:895: Overfull \hbox (11.05467pt too wide) in paragraph at lines 895--895
warning: 2_2_hetorogeneous_treatment_tree.tex:895: Underfull \hbox (badness 10000) in paragraph at lines 895--895
warning: 2_2_hetorogeneous_treatment_tree.tex:895: Underfull \hbox (badness 10000) in paragraph at lines 895--895
warning: 2_2_hetorogeneous_treatment_tree.tex:895: Underfull \hbox (badness 10000) in paragraph at lines 895--895
warning: 2_2_hetorogeneous_treatment_tree.tex:895: Underfull \hbox (badness 10000) in paragraph at lines 895--895
warning: 2_2_hetorogeneous_treatment_tree.tex:895: Underfull \hbox (badness 10000) in paragraph at lines 895--895
warning: 2_2_hetorogeneous_treatment_tree.tex:895: Underfull \hbox (badness 10000) in paragraph at lines 895--895
warning: 2_2_hetorogeneous_treatment_tree.tex:895: Underfull \hbox (badness 10000) in paragraph at lines 895--895
warning: 2_2_hetorogeneous_treatment_tree.tex:895: Underfull \hbox (badness 10000) in paragraph at lines 895--895
warning: 2_2_hetorogeneous_treatment_tree.tex:895: Underfull \hbox (badness 10000) in paragraph at lines 895--895
warning: 2_2_hetorogeneous_treatment_tree.tex:895: Underfull \hbox (badness 10000) in paragraph at lines 895--895
warning: 2_2_hetorogeneous_treatment_tree.tex:895: Underfull \hbox (badness 7308) in paragraph at lines 895--895
warning: 2_2_hetorogeneous_treatment_tree.tex:895: Underfull \hbox (badness 1859) in paragraph at lines 895--895
warning: 2_2_hetorogeneous_treatment_tree.tex:895: Underfull \hbox (badness 2334) in paragraph at lines 895--895
warning: 2_2_hetorogeneous_treatment_tree.tex:895: Underfull \hbox (badness 10000) in paragraph at lines 895--895
warning: 2_2_hetorogeneous_treatment_tree.tex:895: Underfull \hbox (badness 10000) in paragraph at lines 895--895
warning: 2_2_hetorogeneous_treatment_tree.tex:895: Overfull \hbox (4.0025pt too wide) has occurred while \output is active
warning: 2_2_hetorogeneous_treatment_tree.tex:920: Overfull \hbox (4.0025pt too wide) has occurred while \output is active
warning: 2_2_hetorogeneous_treatment_tree.tex:928: Overfull \hbox (4.0025pt too wide) has occurred while \output is active
warning: 2_2_hetorogeneous_treatment_tree.tex:936: Overfull \hbox (4.0025pt too wide) has occurred while \output is active
warning: 2_2_hetorogeneous_treatment_tree.tex:963: Overfull \hbox (4.0025pt too wide) has occurred while \output is active
note: Rerunning TeX because "2_2_hetorogeneous_treatment_tree.nav" changed ...
warning: 2_2_hetorogeneous_treatment_tree.tex:47: Missing character: There is no 5 ("35) in font nullfont!
warning: could not represent character "5" (0x35) in font "nullfont"
warning:   you may need to load the `fontspec` package and use (e.g.) \setmainfont to
warning:   choose a different font that covers the unrepresentable character(s)
warning: 2_2_hetorogeneous_treatment_tree.tex:47: Overfull \hbox (4.0025pt too wide) has occurred while \output is active
warning: 2_2_hetorogeneous_treatment_tree.tex:64: Overfull \hbox (4.0025pt too wide) has occurred while \output is active
warning: 2_2_hetorogeneous_treatment_tree.tex:76: Overfull \hbox (4.0025pt too wide) has occurred while \output is active
warning: 2_2_hetorogeneous_treatment_tree.tex:86: Overfull \hbox (4.0025pt too wide) has occurred while \output is active
warning: 2_2_hetorogeneous_treatment_tree.tex:105: Overfull \hbox (4.0025pt too wide) has occurred while \output is active
warning: 2_2_hetorogeneous_treatment_tree.tex:119: Overfull \hbox (4.0025pt too wide) has occurred while \output is active
warning: 2_2_hetorogeneous_treatment_tree.tex:133: Overfull \hbox (4.0025pt too wide) has occurred while \output is active
warning: 2_2_hetorogeneous_treatment_tree.tex:141: Overfull \hbox (4.0025pt too wide) has occurred while \output is active
warning: 2_2_hetorogeneous_treatment_tree.tex:156: Overfull \hbox (4.0025pt too wide) has occurred while \output is active
warning: 2_2_hetorogeneous_treatment_tree.tex:171: Overfull \hbox (4.0025pt too wide) has occurred while \output is active
warning: 2_2_hetorogeneous_treatment_tree.tex:185: Overfull \hbox (4.0025pt too wide) has occurred while \output is active
warning: 2_2_hetorogeneous_treatment_tree.tex:199: Overfull \hbox (4.0025pt too wide) has occurred while \output is active
warning: 2_2_hetorogeneous_treatment_tree.tex:217: Overfull \hbox (4.0025pt too wide) has occurred while \output is active
warning: 2_2_hetorogeneous_treatment_tree.tex:230: Overfull \hbox (4.0025pt too wide) has occurred while \output is active
warning: 2_2_hetorogeneous_treatment_tree.tex:249: Overfull \hbox (4.0025pt too wide) has occurred while \output is active
warning: 2_2_hetorogeneous_treatment_tree.tex:249: Overfull \hbox (4.0025pt too wide) has occurred while \output is active
warning: 2_2_hetorogeneous_treatment_tree.tex:259: Overfull \hbox (4.0025pt too wide) has occurred while \output is active
warning: 2_2_hetorogeneous_treatment_tree.tex:290: Overfull \hbox (4.0025pt too wide) has occurred while \output is active
warning: 2_2_hetorogeneous_treatment_tree.tex:320: Overfull \hbox (4.0025pt too wide) has occurred while \output is active
warning: 2_2_hetorogeneous_treatment_tree.tex:336: Overfull \hbox (4.0025pt too wide) has occurred while \output is active
warning: 2_2_hetorogeneous_treatment_tree.tex:345: Overfull \hbox (4.0025pt too wide) has occurred while \output is active
warning: 2_2_hetorogeneous_treatment_tree.tex:366: Overfull \hbox (4.0025pt too wide) has occurred while \output is active
warning: 2_2_hetorogeneous_treatment_tree.tex:388: Overfull \hbox (4.0025pt too wide) has occurred while \output is active
warning: 2_2_hetorogeneous_treatment_tree.tex:405: Overfull \hbox (4.0025pt too wide) has occurred while \output is active
warning: 2_2_hetorogeneous_treatment_tree.tex:416: Overfull \hbox (4.0025pt too wide) has occurred while \output is active
warning: 2_2_hetorogeneous_treatment_tree.tex:436: Overfull \hbox (4.0025pt too wide) has occurred while \output is active
warning: 2_2_hetorogeneous_treatment_tree.tex:447: Overfull \hbox (4.0025pt too wide) has occurred while \output is active
warning: 2_2_hetorogeneous_treatment_tree.tex:449: Overfull \hbox (4.0025pt too wide) has occurred while \output is active
warning: 2_2_hetorogeneous_treatment_tree.tex:460: Overfull \hbox (4.0025pt too wide) has occurred while \output is active
warning: 2_2_hetorogeneous_treatment_tree.tex:467: Overfull \hbox (4.0025pt too wide) has occurred while \output is active
warning: 2_2_hetorogeneous_treatment_tree.tex:476: Overfull \hbox (4.0025pt too wide) has occurred while \output is active
warning: 2_2_hetorogeneous_treatment_tree.tex:486: Overfull \hbox (4.0025pt too wide) has occurred while \output is active
warning: 2_2_hetorogeneous_treatment_tree.tex:496: Overfull \hbox (4.0025pt too wide) has occurred while \output is active
warning: 2_2_hetorogeneous_treatment_tree.tex:504: Overfull \hbox (4.0025pt too wide) has occurred while \output is active
warning: 2_2_hetorogeneous_treatment_tree.tex:514: Overfull \hbox (4.0025pt too wide) has occurred while \output is active
warning: 2_2_hetorogeneous_treatment_tree.tex:522: Overfull \hbox (4.0025pt too wide) has occurred while \output is active
warning: 2_2_hetorogeneous_treatment_tree.tex:525: Overfull \hbox (4.0025pt too wide) has occurred while \output is active
warning: 2_2_hetorogeneous_treatment_tree.tex:548: Overfull \hbox (4.0025pt too wide) has occurred while \output is active
warning: 2_2_hetorogeneous_treatment_tree.tex:558: Overfull \hbox (4.0025pt too wide) has occurred while \output is active
warning: 2_2_hetorogeneous_treatment_tree.tex:575: Overfull \hbox (4.0025pt too wide) has occurred while \output is active
warning: 2_2_hetorogeneous_treatment_tree.tex:586: Overfull \hbox (4.0025pt too wide) has occurred while \output is active
warning: 2_2_hetorogeneous_treatment_tree.tex:598: Overfull \hbox (4.0025pt too wide) has occurred while \output is active
warning: 2_2_hetorogeneous_treatment_tree.tex:612: Overfull \hbox (4.0025pt too wide) has occurred while \output is active
warning: 2_2_hetorogeneous_treatment_tree.tex:628: Overfull \hbox (4.0025pt too wide) has occurred while \output is active
warning: 2_2_hetorogeneous_treatment_tree.tex:630: Overfull \hbox (4.0025pt too wide) has occurred while \output is active
warning: 2_2_hetorogeneous_treatment_tree.tex:644: Overfull \hbox (4.0025pt too wide) has occurred while \output is active
warning: 2_2_hetorogeneous_treatment_tree.tex:662: Overfull \hbox (4.0025pt too wide) has occurred while \output is active
warning: 2_2_hetorogeneous_treatment_tree.tex:665: Overfull \hbox (4.0025pt too wide) has occurred while \output is active
warning: 2_2_hetorogeneous_treatment_tree.tex:713: Overfull \hbox (4.0025pt too wide) has occurred while \output is active
warning: 2_2_hetorogeneous_treatment_tree.tex:713: Overfull \hbox (4.0025pt too wide) has occurred while \output is active
warning: 2_2_hetorogeneous_treatment_tree.tex:715: Overfull \hbox (4.0025pt too wide) has occurred while \output is active
warning: 2_2_hetorogeneous_treatment_tree.tex:758: Overfull \hbox (4.0025pt too wide) has occurred while \output is active
warning: 2_2_hetorogeneous_treatment_tree.tex:758: Overfull \hbox (4.0025pt too wide) has occurred while \output is active
warning: 2_2_hetorogeneous_treatment_tree.tex:758: Overfull \hbox (4.0025pt too wide) has occurred while \output is active
warning: 2_2_hetorogeneous_treatment_tree.tex:768: Overfull \hbox (4.0025pt too wide) has occurred while \output is active
warning: 2_2_hetorogeneous_treatment_tree.tex:779: Overfull \hbox (4.0025pt too wide) has occurred while \output is active
warning: 2_2_hetorogeneous_treatment_tree.tex:792: Overfull \hbox (4.0025pt too wide) has occurred while \output is active
warning: 2_2_hetorogeneous_treatment_tree.tex:801: Overfull \hbox (4.0025pt too wide) has occurred while \output is active
warning: 2_2_hetorogeneous_treatment_tree.tex:814: Overfull \hbox (4.0025pt too wide) has occurred while \output is active
warning: 2_2_hetorogeneous_treatment_tree.tex:834: Overfull \hbox (4.0025pt too wide) has occurred while \output is active
warning: 2_2_hetorogeneous_treatment_tree.tex:845: Overfull \hbox (4.0025pt too wide) has occurred while \output is active
warning: 2_2_hetorogeneous_treatment_tree.tex:858: Overfull \hbox (4.0025pt too wide) has occurred while \output is active
warning: 2_2_hetorogeneous_treatment_tree.tex:870: Overfull \hbox (4.0025pt too wide) has occurred while \output is active
warning: 2_2_hetorogeneous_treatment_tree.tex:895: Overfull \hbox (11.05467pt too wide) in paragraph at lines 895--895
warning: 2_2_hetorogeneous_treatment_tree.tex:895: Underfull \hbox (badness 10000) in paragraph at lines 895--895
warning: 2_2_hetorogeneous_treatment_tree.tex:895: Underfull \hbox (badness 10000) in paragraph at lines 895--895
warning: 2_2_hetorogeneous_treatment_tree.tex:895: Underfull \hbox (badness 10000) in paragraph at lines 895--895
warning: 2_2_hetorogeneous_treatment_tree.tex:895: Underfull \hbox (badness 10000) in paragraph at lines 895--895
warning: 2_2_hetorogeneous_treatment_tree.tex:895: Underfull \hbox (badness 10000) in paragraph at lines 895--895
warning: 2_2_hetorogeneous_treatment_tree.tex:895: Underfull \hbox (badness 10000) in paragraph at lines 895--895
warning: 2_2_hetorogeneous_treatment_tree.tex:895: Underfull \hbox (badness 10000) in paragraph at lines 895--895
warning: 2_2_hetorogeneous_treatment_tree.tex:895: Underfull \hbox (badness 10000) in paragraph at lines 895--895
warning: 2_2_hetorogeneous_treatment_tree.tex:895: Underfull \hbox (badness 10000) in paragraph at lines 895--895
warning: 2_2_hetorogeneous_treatment_tree.tex:895: Underfull \hbox (badness 10000) in paragraph at lines 895--895
warning: 2_2_hetorogeneous_treatment_tree.tex:895: Underfull \hbox (badness 7308) in paragraph at lines 895--895
warning: 2_2_hetorogeneous_treatment_tree.tex:895: Underfull \hbox (badness 1859) in paragraph at lines 895--895
warning: 2_2_hetorogeneous_treatment_tree.tex:895: Underfull \hbox (badness 2334) in paragraph at lines 895--895
warning: 2_2_hetorogeneous_treatment_tree.tex:895: Underfull \hbox (badness 10000) in paragraph at lines 895--895
warning: 2_2_hetorogeneous_treatment_tree.tex:895: Underfull \hbox (badness 10000) in paragraph at lines 895--895
warning: 2_2_hetorogeneous_treatment_tree.tex:895: Overfull \hbox (4.0025pt too wide) has occurred while \output is active
warning: 2_2_hetorogeneous_treatment_tree.tex:920: Overfull \hbox (4.0025pt too wide) has occurred while \output is active
warning: 2_2_hetorogeneous_treatment_tree.tex:928: Overfull \hbox (4.0025pt too wide) has occurred while \output is active
warning: 2_2_hetorogeneous_treatment_tree.tex:936: Overfull \hbox (4.0025pt too wide) has occurred while \output is active
warning: 2_2_hetorogeneous_treatment_tree.tex:963: Overfull \hbox (4.0025pt too wide) has occurred while \output is active
warning: warnings were issued by the TeX engine; use --print and/or --keep-logs for details.
note: Running xdvipdfmx ...
note: downloading lmss12.pfb
note: Writing `2_2_hetorogeneous_treatment_tree.pdf` (649.544921875 KiB)
note: Skipped writing 5 intermediate files (use --keep-intermediates to keep them)
